******************************************************************************
                  TI ARM Linker PC v5.1.5                      
******************************************************************************
>> Linked Sun Aug 19 16:00:39 2018

OUTPUT FILE NAME:   <Keypad.out>
ENTRY POINT SYMBOL: "_c_int00"  address: 00000fe5


MEMORY CONFIGURATION

         name            origin    length      used     unused   attr    fill
----------------------  --------  ---------  --------  --------  ----  --------
  FLASH                 00000000   00040000  00001572  0003ea8e  R  X
  SRAM                  20000000   00008000  000004a2  00007b5e  RW X


SEGMENT ALLOCATION MAP

run origin  load origin   length   init length attrs members
----------  ----------- ---------- ----------- ----- -------
00000000    00000000    00001578   00001578    r-x
  00000000    00000000    0000026c   0000026c    r-- .intvecs
  0000026c    0000026c    00001032   00001032    r-x .text
  000012a0    000012a0    00000274   00000274    r-- .const
  00001518    00001518    00000060   00000060    r-- .cinit
20000000    20000000    000004a2   00000000    rw-
  20000000    20000000    0000026c   00000000    rw- .vtable
  2000026c    2000026c    00000200   00000000    rw- .stack
  2000046c    2000046c    00000030   00000000    rw- .data
  2000049c    2000049c    00000006   00000000    rw- .bss


SECTION ALLOCATION MAP

 output                                  attributes/
section   page    origin      length       input sections
--------  ----  ----------  ----------   ----------------
.intvecs   0    00000000    0000026c     
                  00000000    0000026c     tm4c123gh6pm_startup_ccs.obj (.intvecs)

.init_array 
*          0    00000000    00000000     UNINITIALIZED

.text      0    0000026c    00001032     
                  0000026c    00000454     HAS_Keypad_Password.obj (.text)
                  000006c0    000003a0     HASLCD_JR.obj (.text)
                  00000a60    00000132     driverlib.lib : gpio.obj (.text:GPIOPadConfigSet)
                  00000b92    00000002     --HOLE-- [fill = 0]
                  00000b94    00000110                   : sysctl.obj (.text:SysCtlClockGet)
                  00000ca4    000000f4                   : sysctl.obj (.text:SysCtlClockSet)
                  00000d98    0000009c     rtsv7M4_T_le_v4SPD16_eabi.lib : memcpy_t2.obj (.text)
                  00000e34    00000094                                   : auto_init.obj (.text)
                  00000ec8    00000068     driverlib.lib : interrupt.obj (.text:IntEnable)
                  00000f30    0000005e     rtsv7M4_T_le_v4SPD16_eabi.lib : copy_decompress_rle.obj (.text)
                  00000f8e    00000056     driverlib.lib : gpio.obj (.text:GPIOIntTypeSet)
                  00000fe4    00000048     rtsv7M4_T_le_v4SPD16_eabi.lib : boot.obj (.text)
                  0000102c    00000044     driverlib.lib : gpio.obj (.text:_GPIOIntNumberGet)
                  00001070    00000044     rtsv7M4_T_le_v4SPD16_eabi.lib : cpy_tbl.obj (.text)
                  000010b4    00000044                                   : exit.obj (.text)
                  000010f8    00000034     driverlib.lib : interrupt.obj (.text:IntRegister)
                  0000112c    00000034                   : sysctl.obj (.text:SysCtlPeripheralEnable)
                  00001160    0000002a                   : gpio.obj (.text:GPIODirModeSet)
                  0000118a    00000002     --HOLE-- [fill = 0]
                  0000118c    00000024     main.obj (.text)
                  000011b0    00000018     driverlib.lib : gpio.obj (.text:GPIOIntRegister)
                  000011c8    00000018                   : gpio.obj (.text:GPIOPinTypeGPIOOutput)
                  000011e0    00000018     rtsv7M4_T_le_v4SPD16_eabi.lib : args_main.obj (.text)
                  000011f8    00000014                                   : _lock.obj (.text)
                  0000120c    00000012     driverlib.lib : gpio.obj (.text:GPIOPinTypeGPIOInput)
                  0000121e    00000012     rtsv7M4_T_le_v4SPD16_eabi.lib : copy_zero_init.obj (.text:decompress:ZI)
                  00001230    00000010     driverlib.lib : interrupt.obj (.text:IntMasterEnable)
                  00001240    0000000e                   : gpio.obj (.text:GPIOIntStatus)
                  0000124e    0000000e     rtsv7M4_T_le_v4SPD16_eabi.lib : copy_decompress_none.obj (.text:decompress:none)
                  0000125c    0000000c     driverlib.lib : cpu.obj (.text:CPUcpsie)
                  00001268    0000000c                   : gpio.obj (.text:GPIOIntEnable)
                  00001274    0000000c     tm4c123gh6pm_startup_ccs.obj (.text)
                  00001280    00000006     driverlib.lib : gpio.obj (.text:GPIOIntClear)
                  00001286    00000006                   : gpio.obj (.text:GPIOPinRead)
                  0000128c    00000006                   : gpio.obj (.text:GPIOPinWrite)
                  00001292    00000006                   : sysctl.obj (.text:SysCtlDelay)
                  00001298    00000006     rtsv7M4_T_le_v4SPD16_eabi.lib : copy_decompress_rle.obj (.text:decompress:rle24)

.const     0    000012a0    00000274     
                  000012a0    000000d8     driverlib.lib : gpio.obj (.const:g_ppui32GPIOIntMapSnowflake)
                  00001378    000000c0                   : gpio.obj (.const:g_ppui32GPIOIntMapBlizzard)
                  00001438    00000070                   : interrupt.obj (.const)
                  000014a8    0000006c                   : sysctl.obj (.const:g_pui32Xtals)

.cinit     0    00001518    00000060     
                  00001518    00000027     (.cinit..data.load) [load image, compression = rle]
                  0000153f    00000001     --HOLE-- [fill = 0]
                  00001540    0000000c     (__TI_handler_table)
                  0000154c    00000004     --HOLE-- [fill = 0]
                  00001550    00000008     (.cinit..bss.load) [load image, compression = zero_init]
                  00001558    00000008     (.cinit..vtable.load) [load image, compression = zero_init]
                  00001560    00000018     (__TI_cinit_table)

.vtable    0    20000000    0000026c     UNINITIALIZED
                  20000000    0000026c     driverlib.lib : interrupt.obj (.vtable)

.stack     0    2000026c    00000200     UNINITIALIZED
                  2000026c    00000200     --HOLE--

.data      0    2000046c    00000030     UNINITIALIZED
                  2000046c    0000001b     HAS_Keypad_Password.obj (.data)
                  20000487    00000001     --HOLE--
                  20000488    00000008     rtsv7M4_T_le_v4SPD16_eabi.lib : _lock.obj (.data)
                  20000490    00000008                                   : exit.obj (.data)
                  20000498    00000004                                   : stkdepth_vars.obj (.data)

.bss       0    2000049c    00000006     UNINITIALIZED
                  2000049c    00000004     (.common:EnteredPassword)
                  200004a0    00000001     (.common:X)
                  200004a1    00000001     (.common:Y)


LINKER GENERATED COPY TABLES

__TI_cinit_table @ 00001560 records: 3, size/record: 8, table size: 24
	.data: load addr=00001518, load size=00000027 bytes, run addr=2000046c, run size=00000030 bytes, compression=rle
	.bss: load addr=00001550, load size=00000008 bytes, run addr=2000049c, run size=00000006 bytes, compression=zero_init
	.vtable: load addr=00001558, load size=00000008 bytes, run addr=20000000, run size=0000026c bytes, compression=zero_init


LINKER GENERATED HANDLER TABLE

__TI_handler_table @ 00001540 records: 3, size/record: 4, table size: 12
	index: 0, handler: __TI_zero_init
	index: 1, handler: __TI_decompress_rle24
	index: 2, handler: __TI_decompress_none


GLOBAL SYMBOLS: SORTED ALPHABETICALLY BY Name 

address    name
--------   ----
000010b5   C$$EXIT
0000125d   CPUcpsie
20000476   CorrectPasswordWait
20000472   Enterd_Password_Counter
2000049c   EnteredPassword
00001161   GPIODirModeSet
00001281   GPIOIntClear
00001269   GPIOIntEnable
000011b1   GPIOIntRegister
00001241   GPIOIntStatus
00000f8f   GPIOIntTypeSet
00000a61   GPIOPadConfigSet
00001287   GPIOPinRead
0000120d   GPIOPinTypeGPIOInput
000011c9   GPIOPinTypeGPIOOutput
0000128d   GPIOPinWrite
00000ec9   IntEnable
00001231   IntMasterEnable
000010f9   IntRegister
0000026d   KeyPad_Lcd_Setup
00000289   KeyPad_PassWord_Confirm
000005d1   KeyPad_Setup
00000481   KeyPad_int
000003c1   KeyPad_wait
20000477   MKeyPad
20000475   NewPasswordControl
00000413   NewPasswordWait
20000474   NewPassword_Counter
2000046c   Password
0000054f   PasswordTypeControl
20000473   Password_Confirm_Counter
00001275   ResetISR
UNDEFED    SHT$$INIT_ARRAY$$Base
UNDEFED    SHT$$INIT_ARRAY$$Limit
00000b95   SysCtlClockGet
00000ca5   SysCtlClockSet
00001293   SysCtlDelay
0000112d   SysCtlPeripheralEnable
200004a0   X
200004a1   Y
2000046c   __STACK_END
00000200   __STACK_SIZE
2000046c   __STACK_TOP
00001560   __TI_CINIT_Base
00001578   __TI_CINIT_Limit
00001540   __TI_Handler_Table_Base
0000154c   __TI_Handler_Table_Limit
00000001   __TI_args_main
00000e35   __TI_auto_init
20000490   __TI_cleanup_ptr
0000124f   __TI_decompress_none
00001299   __TI_decompress_rle24
20000494   __TI_dtors_ptr
00000000   __TI_static_base__
0000121f   __TI_zero_init
00000d99   __aeabi_memcpy
00000d99   __aeabi_memcpy4
00000d99   __aeabi_memcpy8
ffffffff   __binit__
ffffffff   __c_args__
2000026c   __stack
000011e1   _args_main
00000fe5   _c_int00
20000488   _lock
00001207   _nop
000011ff   _register_lock
000011f9   _register_unlock
2000048c   _unlock
000010b9   abort
ffffffff   binit
20000470   col
00001071   copy_in
000010c1   exit
20000000   g_pfnRAMVectors
00000000   g_pfnVectors
0000093b   has_lcd_4bitsetup
000007b1   has_lcd_erase
00000907   has_lcd_position
000007fd   has_lcd_sendchar
00000881   has_lcd_sendcommand
000006c1   has_lcd_switchwrite
000007c3   has_lcd_write
20000471   inttertuptvalue
00000443   ln
0000118d   main
20000498   main_func_sp
00000d99   memcpy
0000037d   power


GLOBAL SYMBOLS: SORTED BY Symbol Address 

address    name
--------   ----
00000000   __TI_static_base__
00000000   g_pfnVectors
00000001   __TI_args_main
00000200   __STACK_SIZE
0000026d   KeyPad_Lcd_Setup
00000289   KeyPad_PassWord_Confirm
0000037d   power
000003c1   KeyPad_wait
00000413   NewPasswordWait
00000443   ln
00000481   KeyPad_int
0000054f   PasswordTypeControl
000005d1   KeyPad_Setup
000006c1   has_lcd_switchwrite
000007b1   has_lcd_erase
000007c3   has_lcd_write
000007fd   has_lcd_sendchar
00000881   has_lcd_sendcommand
00000907   has_lcd_position
0000093b   has_lcd_4bitsetup
00000a61   GPIOPadConfigSet
00000b95   SysCtlClockGet
00000ca5   SysCtlClockSet
00000d99   __aeabi_memcpy
00000d99   __aeabi_memcpy4
00000d99   __aeabi_memcpy8
00000d99   memcpy
00000e35   __TI_auto_init
00000ec9   IntEnable
00000f8f   GPIOIntTypeSet
00000fe5   _c_int00
00001071   copy_in
000010b5   C$$EXIT
000010b9   abort
000010c1   exit
000010f9   IntRegister
0000112d   SysCtlPeripheralEnable
00001161   GPIODirModeSet
0000118d   main
000011b1   GPIOIntRegister
000011c9   GPIOPinTypeGPIOOutput
000011e1   _args_main
000011f9   _register_unlock
000011ff   _register_lock
00001207   _nop
0000120d   GPIOPinTypeGPIOInput
0000121f   __TI_zero_init
00001231   IntMasterEnable
00001241   GPIOIntStatus
0000124f   __TI_decompress_none
0000125d   CPUcpsie
00001269   GPIOIntEnable
00001275   ResetISR
00001281   GPIOIntClear
00001287   GPIOPinRead
0000128d   GPIOPinWrite
00001293   SysCtlDelay
00001299   __TI_decompress_rle24
00001540   __TI_Handler_Table_Base
0000154c   __TI_Handler_Table_Limit
00001560   __TI_CINIT_Base
00001578   __TI_CINIT_Limit
20000000   g_pfnRAMVectors
2000026c   __stack
2000046c   Password
2000046c   __STACK_END
2000046c   __STACK_TOP
20000470   col
20000471   inttertuptvalue
20000472   Enterd_Password_Counter
20000473   Password_Confirm_Counter
20000474   NewPassword_Counter
20000475   NewPasswordControl
20000476   CorrectPasswordWait
20000477   MKeyPad
20000488   _lock
2000048c   _unlock
20000490   __TI_cleanup_ptr
20000494   __TI_dtors_ptr
20000498   main_func_sp
2000049c   EnteredPassword
200004a0   X
200004a1   Y
ffffffff   __binit__
ffffffff   __c_args__
ffffffff   binit
UNDEFED    SHT$$INIT_ARRAY$$Base
UNDEFED    SHT$$INIT_ARRAY$$Limit

[88 symbols]
